// Jest Snapshot v1, https://goo.gl/fbAQLP

exports[`pages/members/list/components/row should create a tr with given props 1`] = `
<tr>
  <td>
    <img
      src="avatarURL1"
      style={
        Object {
          "maxWidth": "10rem",
        }
      }
    />
  </td>
  <td>
    <span>
      1
    </span>
  </td>
  <td>
    <span>
      name1
    </span>
  </td>
</tr>
`;
